Pokedex > [TypeError: fetch failed] {
  [cause]: AggregateError [ETIMEDOUT]: 
      at internalConnectMultiple (node:net:1194:18)
      at internalConnectMultiple (node:net:1270:5)
      at Timeout.internalConnectMultipleTimeout (node:net:1811:5)
      at listOnTimeout (node:internal/timers:607:11)
      at process.processTimers (node:internal/timers:541:7) {
    code: 'ETIMEDOUT',
    [errors]: [ [Error], [Error], [Error], [Error] ]
  }
}
Error fetching locations: fetch failed
Pokedex > Exploring pastoria-city-area...
Found Pokemon:
 - tentacool
 - tentacruel
 - magikarp
 - gyarados
 - remoraid
 - octillery
 - wingull
 - pelipper
 - shellos
 - gastrodon
Pokedex > Closing the Pokedex... Goodbye!
